[2026-05-21 09:32:35] production.ERROR: The C:\Users\madoc\source\repos\Aquerii\services\api\bootstrap\cache directory must be present and writable. {"exception":"[object] (Exception(code: 0): The C:\\Users\\madoc\\source\\repos\\Aquerii\\services\\api\\bootstrap\\cache directory must be present and writable. at C:/Users/madoc/source/repos/Aquerii/services/api/vendor/laravel/framework/src/Illuminate/Foundation/PackageManifest.php:179)
[stacktrace]
#0 C:/Users/madoc/source/repos/Aquerii/services/api/vendor/laravel/framework/src/Illuminate/Foundation/PackageManifest.php(132): Illuminate/Foundation/PackageManifest->write(Array)
#1 C:/Users/madoc/source/repos/Aquerii/services/api/vendor/laravel/framework/src/Illuminate/Foundation/PackageManifest.php(108): Illuminate/Foundation/PackageManifest->build()
#2 C:/Users/madoc/source/repos/Aquerii/services/api/vendor/laravel/framework/src/Illuminate/Foundation/PackageManifest.php(91): Illuminate/Foundation/PackageManifest->getManifest()
#3 C:/Users/madoc/source/repos/Aquerii/services/api/vendor/laravel/framework/src/Illuminate/Foundation/PackageManifest.php(80): Illuminate/Foundation/PackageManifest->config('aliases')
#4 C:/Users/madoc/source/repos/Aquerii/services/api/vendor/laravel/framework/src/Illuminate/Foundation/Bootstrap/RegisterFacades.php(26): Illuminate/Foundation/PackageManifest->aliases()
#5 C:/Users/madoc/source/repos/Aquerii/services/api/vendor/laravel/framework/src/Illuminate/Foundation/Application.php(342): Illuminate/Foundation/Bootstrap/RegisterFacades->bootstrap(Object(Illuminate/Foundation/Application))
#6 C:/Users/madoc/source/repos/Aquerii/services/api/vendor/laravel/framework/src/Illuminate/Foundation/Console/Kernel.php(474): Illuminate/Foundation/Application->bootstrapWith(Array)
#7 C:/Users/madoc/source/repos/Aquerii/services/api/vendor/laravel/framework/src/Illuminate/Foundation/Console/Kernel.php(196): Illuminate/Foundation/Console/Kernel->bootstrap()
#8 C:/Users/madoc/source/repos/Aquerii/services/api/artisan(19): Illuminate/Foundation/Console/Kernel->handle(Object(Symfony/Component/Console/Input/ArgvInput), Object(Symfony/Component/Console/Output/ConsoleOutput))
#9 {main}
"} 
[2026-05-21 09:32:44] production.ERROR: Please provide a valid cache path. {"exception":"[object] (InvalidArgumentException(code: 0): Please provide a valid cache path. at C:/Users/madoc/source/repos/Aquerii/services/api/vendor/laravel/framework/src/Illuminate/View/Compilers/Compiler.php:67)
[stacktrace]
#0 C:/Users/madoc/source/repos/Aquerii/services/api/vendor/laravel/framework/src/Illuminate/View/ViewServiceProvider.php(97): Illuminate/View/Compilers/Compiler->__construct(Object(Illuminate/Filesystem/Filesystem), false, '', true, 'php')
#1 C:/Users/madoc/source/repos/Aquerii/services/api/vendor/laravel/framework/src/Illuminate/Container/Container.php(952): Illuminate/View/ViewServiceProvider->{closure:Illuminate/View/ViewServiceProvider::registerBladeCompiler():96}(Object(Illuminate/Foundation/Application), Array)
#2 C:/Users/madoc/source/repos/Aquerii/services/api/vendor/laravel/framework/src/Illuminate/Container/Container.php(832): Illuminate/Container/Container->build(Object(Closure))
#3 C:/Users/madoc/source/repos/Aquerii/services/api/vendor/laravel/framework/src/Illuminate/Foundation/Application.php(1078): Illuminate/Container/Container->resolve('blade.compiler', Array, true)
#4 C:/Users/madoc/source/repos/Aquerii/services/api/vendor/laravel/framework/src/Illuminate/Container/Container.php(763): Illuminate/Foundation/Application->resolve('blade.compiler', Array)
#5 C:/Users/madoc/source/repos/Aquerii/services/api/vendor/laravel/framework/src/Illuminate/Foundation/Application.php(1058): Illuminate/Container/Container->make('blade.compiler', Array)
#6 C:/Users/madoc/source/repos/Aquerii/services/api/vendor/laravel/framework/src/Illuminate/Container/Container.php(1580): Illuminate/Foundation/Application->make('blade.compiler')
#7 C:/Users/madoc/source/repos/Aquerii/services/api/vendor/laravel/framework/src/Illuminate/Support/Facades/Facade.php(239): Illuminate/Container/Container->offsetGet('blade.compiler')
#8 C:/Users/madoc/source/repos/Aquerii/services/api/vendor/laravel/framework/src/Illuminate/Support/Facades/Facade.php(210): Illuminate/Support/Facades/Facade::resolveFacadeInstance('blade.compiler')
#9 C:/Users/madoc/source/repos/Aquerii/services/api/vendor/laravel/framework/src/Illuminate/Support/Facades/Facade.php(355): Illuminate/Support/Facades/Facade::getFacadeRoot()
#10 C:/Users/madoc/source/repos/Aquerii/services/api/vendor/blade-ui-kit/blade-icons/src/BladeIconsServiceProvider.php(122): Illuminate/Support/Facades/Facade::__callStatic('directive', Array)
#11 C:/Users/madoc/source/repos/Aquerii/services/api/vendor/blade-ui-kit/blade-icons/src/BladeIconsServiceProvider.php(27): BladeUI/Icons/BladeIconsServiceProvider->bootDirectives()
#12 C:/Users/madoc/source/repos/Aquerii/services/api/vendor/laravel/framework/src/Illuminate/Container/BoundMethod.php(36): BladeUI/Icons/BladeIconsServiceProvider->boot()
#13 C:/Users/madoc/source/repos/Aquerii/services/api/vendor/laravel/framework/src/Illuminate/Container/Util.php(43): Illuminate/Container/BoundMethod::{closure:Illuminate/Container/BoundMethod::call():35}()
#14 C:/Users/madoc/source/repos/Aquerii/services/api/vendor/laravel/framework/src/Illuminate/Container/BoundMethod.php(95): Illuminate/Container/Util::unwrapIfClosure(Object(Closure))
#15 C:/Users/madoc/source/repos/Aquerii/services/api/vendor/laravel/framework/src/Illuminate/Container/BoundMethod.php(35): Illuminate/Container/BoundMethod::callBoundMethod(Object(Illuminate/Foundation/Application), Array, Object(Closure))
#16 C:/Users/madoc/source/repos/Aquerii/services/api/vendor/laravel/framework/src/Illuminate/Container/Container.php(696): Illuminate/Container/BoundMethod::call(Object(Illuminate/Foundation/Application), Array, Array, NULL)
#17 C:/Users/madoc/source/repos/Aquerii/services/api/vendor/laravel/framework/src/Illuminate/Foundation/Application.php(1151): Illuminate/Container/Container->call(Array)
#18 C:/Users/madoc/source/repos/Aquerii/services/api/vendor/laravel/framework/src/Illuminate/Foundation/Application.php(1132): Illuminate/Foundation/Application->bootProvider(Object(BladeUI/Icons/BladeIconsServiceProvider))
#19 [internal function]: Illuminate/Foundation/Application->{closure:Illuminate/Foundation/Application::boot():1131}(Object(BladeUI/Icons/BladeIconsServiceProvider), 'BladeUI//Icons//B...')
#20 C:/Users/madoc/source/repos/Aquerii/services/api/vendor/laravel/framework/src/Illuminate/Foundation/Application.php(1131): array_walk(Array, Object(Closure))
#21 C:/Users/madoc/source/repos/Aquerii/services/api/vendor/laravel/framework/src/Illuminate/Foundation/Bootstrap/BootProviders.php(17): Illuminate/Foundation/Application->boot()
#22 C:/Users/madoc/source/repos/Aquerii/services/api/vendor/laravel/framework/src/Illuminate/Foundation/Application.php(342): Illuminate/Foundation/Bootstrap/BootProviders->bootstrap(Object(Illuminate/Foundation/Application))
#23 C:/Users/madoc/source/repos/Aquerii/services/api/vendor/laravel/framework/src/Illuminate/Foundation/Console/Kernel.php(474): Illuminate/Foundation/Application->bootstrapWith(Array)
#24 C:/Users/madoc/source/repos/Aquerii/services/api/vendor/laravel/framework/src/Illuminate/Foundation/Console/Kernel.php(196): Illuminate/Foundation/Console/Kernel->bootstrap()
#25 C:/Users/madoc/source/repos/Aquerii/services/api/artisan(19): Illuminate/Foundation/Console/Kernel->handle(Object(Symfony/Component/Console/Input/ArgvInput), Object(Symfony/Component/Console/Output/ConsoleOutput))
#26 {main}
"} 
[2026-05-21 09:33:38] production.ERROR: Please provide a valid cache path. {"exception":"[object] (InvalidArgumentException(code: 0): Please provide a valid cache path. at C:/Users/madoc/source/repos/Aquerii/services/api/vendor/laravel/framework/src/Illuminate/View/Compilers/Compiler.php:67)
[stacktrace]
#0 C:/Users/madoc/source/repos/Aquerii/services/api/vendor/laravel/framework/src/Illuminate/View/ViewServiceProvider.php(97): Illuminate/View/Compilers/Compiler->__construct(Object(Illuminate/Filesystem/Filesystem), false, '', true, 'php')
#1 C:/Users/madoc/source/repos/Aquerii/services/api/vendor/laravel/framework/src/Illuminate/Container/Container.php(952): Illuminate/View/ViewServiceProvider->{closure:Illuminate/View/ViewServiceProvider::registerBladeCompiler():96}(Object(Illuminate/Foundation/Application), Array)
#2 C:/Users/madoc/source/repos/Aquerii/services/api/vendor/laravel/framework/src/Illuminate/Container/Container.php(832): Illuminate/Container/Container->build(Object(Closure))
#3 C:/Users/madoc/source/repos/Aquerii/services/api/vendor/laravel/framework/src/Illuminate/Foundation/Application.php(1078): Illuminate/Container/Container->resolve('blade.compiler', Array, true)
#4 C:/Users/madoc/source/repos/Aquerii/services/api/vendor/laravel/framework/src/Illuminate/Container/Container.php(763): Illuminate/Foundation/Application->resolve('blade.compiler', Array)
#5 C:/Users/madoc/source/repos/Aquerii/services/api/vendor/laravel/framework/src/Illuminate/Foundation/Application.php(1058): Illuminate/Container/Container->make('blade.compiler', Array)
#6 C:/Users/madoc/source/repos/Aquerii/services/api/vendor/laravel/framework/src/Illuminate/Container/Container.php(1580): Illuminate/Foundation/Application->make('blade.compiler')
#7 C:/Users/madoc/source/repos/Aquerii/services/api/vendor/laravel/framework/src/Illuminate/Support/Facades/Facade.php(239): Illuminate/Container/Container->offsetGet('blade.compiler')
#8 C:/Users/madoc/source/repos/Aquerii/services/api/vendor/laravel/framework/src/Illuminate/Support/Facades/Facade.php(210): Illuminate/Support/Facades/Facade::resolveFacadeInstance('blade.compiler')
#9 C:/Users/madoc/source/repos/Aquerii/services/api/vendor/laravel/framework/src/Illuminate/Support/Facades/Facade.php(355): Illuminate/Support/Facades/Facade::getFacadeRoot()
#10 C:/Users/madoc/source/repos/Aquerii/services/api/vendor/blade-ui-kit/blade-icons/src/BladeIconsServiceProvider.php(122): Illuminate/Support/Facades/Facade::__callStatic('directive', Array)
#11 C:/Users/madoc/source/repos/Aquerii/services/api/vendor/blade-ui-kit/blade-icons/src/BladeIconsServiceProvider.php(27): BladeUI/Icons/BladeIconsServiceProvider->bootDirectives()
#12 C:/Users/madoc/source/repos/Aquerii/services/api/vendor/laravel/framework/src/Illuminate/Container/BoundMethod.php(36): BladeUI/Icons/BladeIconsServiceProvider->boot()
#13 C:/Users/madoc/source/repos/Aquerii/services/api/vendor/laravel/framework/src/Illuminate/Container/Util.php(43): Illuminate/Container/BoundMethod::{closure:Illuminate/Container/BoundMethod::call():35}()
#14 C:/Users/madoc/source/repos/Aquerii/services/api/vendor/laravel/framework/src/Illuminate/Container/BoundMethod.php(95): Illuminate/Container/Util::unwrapIfClosure(Object(Closure))
#15 C:/Users/madoc/source/repos/Aquerii/services/api/vendor/laravel/framework/src/Illuminate/Container/BoundMethod.php(35): Illuminate/Container/BoundMethod::callBoundMethod(Object(Illuminate/Foundation/Application), Array, Object(Closure))
#16 C:/Users/madoc/source/repos/Aquerii/services/api/vendor/laravel/framework/src/Illuminate/Container/Container.php(696): Illuminate/Container/BoundMethod::call(Object(Illuminate/Foundation/Application), Array, Array, NULL)
#17 C:/Users/madoc/source/repos/Aquerii/services/api/vendor/laravel/framework/src/Illuminate/Foundation/Application.php(1151): Illuminate/Container/Container->call(Array)
#18 C:/Users/madoc/source/repos/Aquerii/services/api/vendor/laravel/framework/src/Illuminate/Foundation/Application.php(1132): Illuminate/Foundation/Application->bootProvider(Object(BladeUI/Icons/BladeIconsServiceProvider))
#19 [internal function]: Illuminate/Foundation/Application->{closure:Illuminate/Foundation/Application::boot():1131}(Object(BladeUI/Icons/BladeIconsServiceProvider), 'BladeUI//Icons//B...')
#20 C:/Users/madoc/source/repos/Aquerii/services/api/vendor/laravel/framework/src/Illuminate/Foundation/Application.php(1131): array_walk(Array, Object(Closure))
#21 C:/Users/madoc/source/repos/Aquerii/services/api/vendor/laravel/framework/src/Illuminate/Foundation/Bootstrap/BootProviders.php(17): Illuminate/Foundation/Application->boot()
#22 C:/Users/madoc/source/repos/Aquerii/services/api/vendor/laravel/framework/src/Illuminate/Foundation/Application.php(342): Illuminate/Foundation/Bootstrap/BootProviders->bootstrap(Object(Illuminate/Foundation/Application))
#23 C:/Users/madoc/source/repos/Aquerii/services/api/vendor/laravel/framework/src/Illuminate/Foundation/Console/Kernel.php(474): Illuminate/Foundation/Application->bootstrapWith(Array)
#24 C:/Users/madoc/source/repos/Aquerii/services/api/vendor/laravel/framework/src/Illuminate/Foundation/Console/Kernel.php(196): Illuminate/Foundation/Console/Kernel->bootstrap()
#25 C:/Users/madoc/source/repos/Aquerii/services/api/artisan(19): Illuminate/Foundation/Console/Kernel->handle(Object(Symfony/Component/Console/Input/ArgvInput), Object(Symfony/Component/Console/Output/ConsoleOutput))
#26 {main}
"} 
[2026-05-21 09:33:51] production.ERROR: file_get_contents(C:\Users\madoc\source\repos\Aquerii\services\api\.env): Failed to open stream: No such file or directory {"exception":"[object] (ErrorException(code: 0): file_get_contents(C:\\Users\\madoc\\source\\repos\\Aquerii\\services\\api\\.env): Failed to open stream: No such file or directory at C:/Users/madoc/source/repos/Aquerii/services/api/vendor/laravel/framework/src/Illuminate/Foundation/Console/KeyGenerateCommand.php:100)
[stacktrace]
#0 C:/Users/madoc/source/repos/Aquerii/services/api/vendor/laravel/framework/src/Illuminate/Foundation/Bootstrap/HandleExceptions.php(258): Illuminate/Foundation/Bootstrap/HandleExceptions->handleError(2, 'file_get_conten...', 'C://Users//madoc//...', 100)
#1 [internal function]: Illuminate/Foundation/Bootstrap/HandleExceptions->{closure:Illuminate/Foundation/Bootstrap/HandleExceptions::forwardsTo():257}(2, 'file_get_conten...', 'C://Users//madoc//...', 100)
#2 C:/Users/madoc/source/repos/Aquerii/services/api/vendor/laravel/framework/src/Illuminate/Foundation/Console/KeyGenerateCommand.php(100): file_get_contents('C://Users//madoc//...')
#3 C:/Users/madoc/source/repos/Aquerii/services/api/vendor/laravel/framework/src/Illuminate/Foundation/Console/KeyGenerateCommand.php(82): Illuminate/Foundation/Console/KeyGenerateCommand->writeNewEnvironmentFileWith('base64:toxZRs2U...')
#4 C:/Users/madoc/source/repos/Aquerii/services/api/vendor/laravel/framework/src/Illuminate/Foundation/Console/KeyGenerateCommand.php(47): Illuminate/Foundation/Console/KeyGenerateCommand->setKeyInEnvironmentFile('base64:toxZRs2U...')
#5 C:/Users/madoc/source/repos/Aquerii/services/api/vendor/laravel/framework/src/Illuminate/Container/BoundMethod.php(36): Illuminate/Foundation/Console/KeyGenerateCommand->handle()
#6 C:/Users/madoc/source/repos/Aquerii/services/api/vendor/laravel/framework/src/Illuminate/Container/Util.php(43): Illuminate/Container/BoundMethod::{closure:Illuminate/Container/BoundMethod::call():35}()
#7 C:/Users/madoc/source/repos/Aquerii/services/api/vendor/laravel/framework/src/Illuminate/Container/BoundMethod.php(95): Illuminate/Container/Util::unwrapIfClosure(Object(Closure))
#8 C:/Users/madoc/source/repos/Aquerii/services/api/vendor/laravel/framework/src/Illuminate/Container/BoundMethod.php(35): Illuminate/Container/BoundMethod::callBoundMethod(Object(Illuminate/Foundation/Application), Array, Object(Closure))
#9 C:/Users/madoc/source/repos/Aquerii/services/api/vendor/laravel/framework/src/Illuminate/Container/Container.php(696): Illuminate/Container/BoundMethod::call(Object(Illuminate/Foundation/Application), Array, Array, NULL)
#10 C:/Users/madoc/source/repos/Aquerii/services/api/vendor/laravel/framework/src/Illuminate/Console/Command.php(213): Illuminate/Container/Container->call(Array)
#11 C:/Users/madoc/source/repos/Aquerii/services/api/vendor/symfony/console/Command/Command.php(341): Illuminate/Console/Command->execute(Object(Symfony/Component/Console/Input/ArgvInput), Object(Illuminate/Console/OutputStyle))
#12 C:/Users/madoc/source/repos/Aquerii/services/api/vendor/laravel/framework/src/Illuminate/Console/Command.php(182): Symfony/Component/Console/Command/Command->run(Object(Symfony/Component/Console/Input/ArgvInput), Object(Illuminate/Console/OutputStyle))
#13 C:/Users/madoc/source/repos/Aquerii/services/api/vendor/symfony/console/Application.php(1117): Illuminate/Console/Command->run(Object(Symfony/Component/Console/Input/ArgvInput), Object(Symfony/Component/Console/Output/ConsoleOutput))
#14 C:/Users/madoc/source/repos/Aquerii/services/api/vendor/symfony/console/Application.php(356): Symfony/Component/Console/Application->doRunCommand(Object(Illuminate/Foundation/Console/KeyGenerateCommand), Object(Symfony/Component/Console/Input/ArgvInput), Object(Symfony/Component/Console/Output/ConsoleOutput))
#15 C:/Users/madoc/source/repos/Aquerii/services/api/vendor/symfony/console/Application.php(195): Symfony/Component/Console/Application->doRun(Object(Symfony/Component/Console/Input/ArgvInput), Object(Symfony/Component/Console/Output/ConsoleOutput))
#16 C:/Users/madoc/source/repos/Aquerii/services/api/vendor/laravel/framework/src/Illuminate/Foundation/Console/Kernel.php(198): Symfony/Component/Console/Application->run(Object(Symfony/Component/Console/Input/ArgvInput), Object(Symfony/Component/Console/Output/ConsoleOutput))
#17 C:/Users/madoc/source/repos/Aquerii/services/api/artisan(19): Illuminate/Foundation/Console/Kernel->handle(Object(Symfony/Component/Console/Input/ArgvInput), Object(Symfony/Component/Console/Output/ConsoleOutput))
#18 {main}
"} 
[2026-05-21 09:33:59] production.ERROR: SQLSTATE[HY000] [2002] No connection could be made because the target machine actively refused it (Connection: mysql, SQL: select count(*) as aggregate from `telescope_entries` where `type` = exception and `family_hash` = 7720912c6832d7dea70185a13f9699f1) {"exception":"[object] (Illuminate\\Database\\QueryException(code: 2002): SQLSTATE[HY000] [2002] No connection could be made because the target machine actively refused it (Connection: mysql, SQL: select count(*) as aggregate from `telescope_entries` where `type` = exception and `family_hash` = 7720912c6832d7dea70185a13f9699f1) at C:/Users/madoc/source/repos/Aquerii/services/api/vendor/laravel/framework/src/Illuminate/Database/Connection.php:825)
[stacktrace]
#0 C:/Users/madoc/source/repos/Aquerii/services/api/vendor/laravel/framework/src/Illuminate/Database/Connection.php(979): Illuminate/Database/Connection->runQueryCallback('select count(*)...', Array, Object(Closure))
#1 C:/Users/madoc/source/repos/Aquerii/services/api/vendor/laravel/framework/src/Illuminate/Database/Connection.php(958): Illuminate/Database/Connection->tryAgainIfCausedByLostConnection(Object(Illuminate/Database/QueryException), 'select count(*)...', Array, Object(Closure))
#2 C:/Users/madoc/source/repos/Aquerii/services/api/vendor/laravel/framework/src/Illuminate/Database/Connection.php(781): Illuminate/Database/Connection->handleQueryException(Object(Illuminate/Database/QueryException), 'select count(*)...', Array, Object(Closure))
#3 C:/Users/madoc/source/repos/Aquerii/services/api/vendor/laravel/framework/src/Illuminate/Database/Connection.php(398): Illuminate/Database/Connection->run('select count(*)...', Array, Object(Closure))
#4 C:/Users/madoc/source/repos/Aquerii/services/api/vendor/laravel/framework/src/Illuminate/Database/Query/Builder.php(3106): Illuminate/Database/Connection->select('select count(*)...', Array, true)
#5 C:/Users/madoc/source/repos/Aquerii/services/api/vendor/laravel/framework/src/Illuminate/Database/Query/Builder.php(3091): Illuminate/Database/Query/Builder->runSelect()
#6 C:/Users/madoc/source/repos/Aquerii/services/api/vendor/laravel/framework/src/Illuminate/Database/Query/Builder.php(3676): Illuminate/Database/Query/Builder->{closure:Illuminate/Database/Query/Builder::get():3090}()
#7 C:/Users/madoc/source/repos/Aquerii/services/api/vendor/laravel/framework/src/Illuminate/Database/Query/Builder.php(3090): Illuminate/Database/Query/Builder->onceWithColumns(Array, Object(Closure))
#8 C:/Users/madoc/source/repos/Aquerii/services/api/vendor/laravel/framework/src/Illuminate/Database/Query/Builder.php(3603): Illuminate/Database/Query/Builder->get(Array)
#9 C:/Users/madoc/source/repos/Aquerii/services/api/vendor/laravel/framework/src/Illuminate/Database/Query/Builder.php(3531): Illuminate/Database/Query/Builder->aggregate('count', Array)
#10 C:/Users/madoc/source/repos/Aquerii/services/api/vendor/laravel/telescope/src/Storage/DatabaseEntriesRepository.php(123): Illuminate/Database/Query/Builder->count()
#11 C:/Users/madoc/source/repos/Aquerii/services/api/vendor/laravel/telescope/src/Storage/DatabaseEntriesRepository.php(165): Laravel/Telescope/Storage/DatabaseEntriesRepository->countExceptionOccurences(Object(Laravel/Telescope/IncomingExceptionEntry))
#12 [internal function]: Laravel/Telescope/Storage/DatabaseEntriesRepository->{closure:{closure:Laravel/Telescope/Storage/DatabaseEntriesRepository::storeExceptions():163}:164}(Object(Laravel/Telescope/IncomingExceptionEntry), 2)
#13 C:/Users/madoc/source/repos/Aquerii/services/api/vendor/laravel/framework/src/Illuminate/Collections/Arr.php(609): array_map(Object(Closure), Array, Array)
#14 C:/Users/madoc/source/repos/Aquerii/services/api/vendor/laravel/framework/src/Illuminate/Collections/Collection.php(799): Illuminate/Support/Arr::map(Array, Object(Closure))
#15 C:/Users/madoc/source/repos/Aquerii/services/api/vendor/laravel/telescope/src/Storage/DatabaseEntriesRepository.php(164): Illuminate/Support/Collection->map(Object(Closure))
#16 C:/Users/madoc/source/repos/Aquerii/services/api/vendor/laravel/framework/src/Illuminate/Collections/Traits/EnumeratesValues.php(261): Laravel/Telescope/Storage/DatabaseEntriesRepository->{closure:Laravel/Telescope/Storage/DatabaseEntriesRepository::storeExceptions():163}(Object(Illuminate/Support/Collection), 0)
#17 C:/Users/madoc/source/repos/Aquerii/services/api/vendor/laravel/telescope/src/Storage/DatabaseEntriesRepository.php(163): Illuminate/Support/Collection->each(Object(Closure))
#18 C:/Users/madoc/source/repos/Aquerii/services/api/vendor/laravel/telescope/src/Storage/DatabaseEntriesRepository.php(140): Laravel/Telescope/Storage/DatabaseEntriesRepository->storeExceptions(Object(Illuminate/Support/Collection))
#19 C:/Users/madoc/source/repos/Aquerii/services/api/vendor/laravel/telescope/src/Telescope.php(664): Laravel/Telescope/Storage/DatabaseEntriesRepository->store(Object(Illuminate/Support/Collection))
#20 [internal function]: Laravel/Telescope/Telescope::{closure:Laravel/Telescope/Telescope::store():656}()
#21 C:/Users/madoc/source/repos/Aquerii/services/api/vendor/laravel/telescope/src/Telescope.php(289): call_user_func(Object(Closure))
#22 C:/Users/madoc/source/repos/Aquerii/services/api/vendor/laravel/telescope/src/Telescope.php(656): Laravel/Telescope/Telescope::withoutRecording(Object(Closure))
#23 C:/Users/madoc/source/repos/Aquerii/services/api/vendor/laravel/telescope/src/ListensForStorageOpportunities.php(65): Laravel/Telescope/Telescope::store(Object(Laravel/Telescope/Storage/DatabaseEntriesRepository))
#24 C:/Users/madoc/source/repos/Aquerii/services/api/vendor/laravel/framework/src/Illuminate/Container/BoundMethod.php(36): Laravel/Telescope/Telescope::{closure:Laravel/Telescope/ListensForStorageOpportunities::storeEntriesBeforeTermination():64}()
#25 C:/Users/madoc/source/repos/Aquerii/services/api/vendor/laravel/framework/src/Illuminate/Container/Util.php(43): Illuminate/Container/BoundMethod::{closure:Illuminate/Container/BoundMethod::call():35}()
#26 C:/Users/madoc/source/repos/Aquerii/services/api/vendor/laravel/framework/src/Illuminate/Container/BoundMethod.php(83): Illuminate/Container/Util::unwrapIfClosure(Object(Closure))
#27 C:/Users/madoc/source/repos/Aquerii/services/api/vendor/laravel/framework/src/Illuminate/Container/BoundMethod.php(35): Illuminate/Container/BoundMethod::callBoundMethod(Object(Illuminate/Foundation/Application), Object(Closure), Object(Closure))
#28 C:/Users/madoc/source/repos/Aquerii/services/api/vendor/laravel/framework/src/Illuminate/Container/Container.php(696): Illuminate/Container/BoundMethod::call(Object(Illuminate/Foundation/Application), Object(Closure), Array, NULL)
#29 C:/Users/madoc/source/repos/Aquerii/services/api/vendor/laravel/framework/src/Illuminate/Foundation/Application.php(1452): Illuminate/Container/Container->call(Object(Closure))
#30 C:/Users/madoc/source/repos/Aquerii/services/api/vendor/laravel/framework/src/Illuminate/Foundation/Console/Kernel.php(219): Illuminate/Foundation/Application->terminate()
#31 C:/Users/madoc/source/repos/Aquerii/services/api/artisan(24): Illuminate/Foundation/Console/Kernel->terminate(Object(Symfony/Component/Console/Input/ArgvInput), 1)
#32 {main}

[previous exception] [object] (PDOException(code: 2002): SQLSTATE[HY000] [2002] No connection could be made because the target machine actively refused it at C:/Users/madoc/source/repos/Aquerii/services/api/vendor/laravel/framework/src/Illuminate/Database/Connectors/Connector.php:67)
[stacktrace]
#0 C:/Users/madoc/source/repos/Aquerii/services/api/vendor/laravel/framework/src/Illuminate/Database/Connectors/Connector.php(67): PDO::connect('mysql:host=127....', 'root', Object(SensitiveParameterValue), Array)
#1 C:/Users/madoc/source/repos/Aquerii/services/api/vendor/laravel/framework/src/Illuminate/Database/Connectors/Connector.php(85): Illuminate/Database/Connectors/Connector->createPdoConnection('mysql:host=127....', 'root', Object(SensitiveParameterValue), Array)
#2 C:/Users/madoc/source/repos/Aquerii/services/api/vendor/laravel/framework/src/Illuminate/Database/Connectors/Connector.php(48): Illuminate/Database/Connectors/Connector->tryAgainIfCausedByLostConnection(Object(PDOException), 'mysql:host=127....', 'root', Object(SensitiveParameterValue), Array)
#3 C:/Users/madoc/source/repos/Aquerii/services/api/vendor/laravel/framework/src/Illuminate/Database/Connectors/MySqlConnector.php(24): Illuminate/Database/Connectors/Connector->createConnection('mysql:host=127....', Array, Array)
#4 C:/Users/madoc/source/repos/Aquerii/services/api/vendor/laravel/framework/src/Illuminate/Database/Connectors/ConnectionFactory.php(185): Illuminate/Database/Connectors/MySqlConnector->connect(Array)
#5 [internal function]: Illuminate/Database/Connectors/ConnectionFactory->{closure:Illuminate/Database/Connectors/ConnectionFactory::createPdoResolverWithHosts():180}()
#6 C:/Users/madoc/source/repos/Aquerii/services/api/vendor/laravel/framework/src/Illuminate/Database/Connection.php(1231): call_user_func(Object(Closure))
#7 C:/Users/madoc/source/repos/Aquerii/services/api/vendor/laravel/framework/src/Illuminate/Database/Connection.php(1267): Illuminate/Database/Connection->getPdo()
#8 C:/Users/madoc/source/repos/Aquerii/services/api/vendor/laravel/framework/src/Illuminate/Database/Connection.php(512): Illuminate/Database/Connection->getReadPdo()
#9 C:/Users/madoc/source/repos/Aquerii/services/api/vendor/laravel/framework/src/Illuminate/Database/Connection.php(407): Illuminate/Database/Connection->getPdoForSelect(true)
#10 C:/Users/madoc/source/repos/Aquerii/services/api/vendor/laravel/framework/src/Illuminate/Database/Connection.php(812): Illuminate/Database/Connection->{closure:Illuminate/Database/Connection::select():398}('select count(*)...', Array)
#11 C:/Users/madoc/source/repos/Aquerii/services/api/vendor/laravel/framework/src/Illuminate/Database/Connection.php(979): Illuminate/Database/Connection->runQueryCallback('select count(*)...', Array, Object(Closure))
#12 C:/Users/madoc/source/repos/Aquerii/services/api/vendor/laravel/framework/src/Illuminate/Database/Connection.php(958): Illuminate/Database/Connection->tryAgainIfCausedByLostConnection(Object(Illuminate/Database/QueryException), 'select count(*)...', Array, Object(Closure))
#13 C:/Users/madoc/source/repos/Aquerii/services/api/vendor/laravel/framework/src/Illuminate/Database/Connection.php(781): Illuminate/Database/Connection->handleQueryException(Object(Illuminate/Database/QueryException), 'select count(*)...', Array, Object(Closure))
#14 C:/Users/madoc/source/repos/Aquerii/services/api/vendor/laravel/framework/src/Illuminate/Database/Connection.php(398): Illuminate/Database/Connection->run('select count(*)...', Array, Object(Closure))
#15 C:/Users/madoc/source/repos/Aquerii/services/api/vendor/laravel/framework/src/Illuminate/Database/Query/Builder.php(3106): Illuminate/Database/Connection->select('select count(*)...', Array, true)
#16 C:/Users/madoc/source/repos/Aquerii/services/api/vendor/laravel/framework/src/Illuminate/Database/Query/Builder.php(3091): Illuminate/Database/Query/Builder->runSelect()
#17 C:/Users/madoc/source/repos/Aquerii/services/api/vendor/laravel/framework/src/Illuminate/Database/Query/Builder.php(3676): Illuminate/Database/Query/Builder->{closure:Illuminate/Database/Query/Builder::get():3090}()
#18 C:/Users/madoc/source/repos/Aquerii/services/api/vendor/laravel/framework/src/Illuminate/Database/Query/Builder.php(3090): Illuminate/Database/Query/Builder->onceWithColumns(Array, Object(Closure))
#19 C:/Users/madoc/source/repos/Aquerii/services/api/vendor/laravel/framework/src/Illuminate/Database/Query/Builder.php(3603): Illuminate/Database/Query/Builder->get(Array)
#20 C:/Users/madoc/source/repos/Aquerii/services/api/vendor/laravel/framework/src/Illuminate/Database/Query/Builder.php(3531): Illuminate/Database/Query/Builder->aggregate('count', Array)
#21 C:/Users/madoc/source/repos/Aquerii/services/api/vendor/laravel/telescope/src/Storage/DatabaseEntriesRepository.php(123): Illuminate/Database/Query/Builder->count()
#22 C:/Users/madoc/source/repos/Aquerii/services/api/vendor/laravel/telescope/src/Storage/DatabaseEntriesRepository.php(165): Laravel/Telescope/Storage/DatabaseEntriesRepository->countExceptionOccurences(Object(Laravel/Telescope/IncomingExceptionEntry))
#23 [internal function]: Laravel/Telescope/Storage/DatabaseEntriesRepository->{closure:{closure:Laravel/Telescope/Storage/DatabaseEntriesRepository::storeExceptions():163}:164}(Object(Laravel/Telescope/IncomingExceptionEntry), 2)
#24 C:/Users/madoc/source/repos/Aquerii/services/api/vendor/laravel/framework/src/Illuminate/Collections/Arr.php(609): array_map(Object(Closure), Array, Array)
#25 C:/Users/madoc/source/repos/Aquerii/services/api/vendor/laravel/framework/src/Illuminate/Collections/Collection.php(799): Illuminate/Support/Arr::map(Array, Object(Closure))
#26 C:/Users/madoc/source/repos/Aquerii/services/api/vendor/laravel/telescope/src/Storage/DatabaseEntriesRepository.php(164): Illuminate/Support/Collection->map(Object(Closure))
#27 C:/Users/madoc/source/repos/Aquerii/services/api/vendor/laravel/framework/src/Illuminate/Collections/Traits/EnumeratesValues.php(261): Laravel/Telescope/Storage/DatabaseEntriesRepository->{closure:Laravel/Telescope/Storage/DatabaseEntriesRepository::storeExceptions():163}(Object(Illuminate/Support/Collection), 0)
#28 C:/Users/madoc/source/repos/Aquerii/services/api/vendor/laravel/telescope/src/Storage/DatabaseEntriesRepository.php(163): Illuminate/Support/Collection->each(Object(Closure))
#29 C:/Users/madoc/source/repos/Aquerii/services/api/vendor/laravel/telescope/src/Storage/DatabaseEntriesRepository.php(140): Laravel/Telescope/Storage/DatabaseEntriesRepository->storeExceptions(Object(Illuminate/Support/Collection))
#30 C:/Users/madoc/source/repos/Aquerii/services/api/vendor/laravel/telescope/src/Telescope.php(664): Laravel/Telescope/Storage/DatabaseEntriesRepository->store(Object(Illuminate/Support/Collection))
#31 [internal function]: Laravel/Telescope/Telescope::{closure:Laravel/Telescope/Telescope::store():656}()
#32 C:/Users/madoc/source/repos/Aquerii/services/api/vendor/laravel/telescope/src/Telescope.php(289): call_user_func(Object(Closure))
#33 C:/Users/madoc/source/repos/Aquerii/services/api/vendor/laravel/telescope/src/Telescope.php(656): Laravel/Telescope/Telescope::withoutRecording(Object(Closure))
#34 C:/Users/madoc/source/repos/Aquerii/services/api/vendor/laravel/telescope/src/ListensForStorageOpportunities.php(65): Laravel/Telescope/Telescope::store(Object(Laravel/Telescope/Storage/DatabaseEntriesRepository))
#35 C:/Users/madoc/source/repos/Aquerii/services/api/vendor/laravel/framework/src/Illuminate/Container/BoundMethod.php(36): Laravel/Telescope/Telescope::{closure:Laravel/Telescope/ListensForStorageOpportunities::storeEntriesBeforeTermination():64}()
#36 C:/Users/madoc/source/repos/Aquerii/services/api/vendor/laravel/framework/src/Illuminate/Container/Util.php(43): Illuminate/Container/BoundMethod::{closure:Illuminate/Container/BoundMethod::call():35}()
#37 C:/Users/madoc/source/repos/Aquerii/services/api/vendor/laravel/framework/src/Illuminate/Container/BoundMethod.php(83): Illuminate/Container/Util::unwrapIfClosure(Object(Closure))
#38 C:/Users/madoc/source/repos/Aquerii/services/api/vendor/laravel/framework/src/Illuminate/Container/BoundMethod.php(35): Illuminate/Container/BoundMethod::callBoundMethod(Object(Illuminate/Foundation/Application), Object(Closure), Object(Closure))
#39 C:/Users/madoc/source/repos/Aquerii/services/api/vendor/laravel/framework/src/Illuminate/Container/Container.php(696): Illuminate/Container/BoundMethod::call(Object(Illuminate/Foundation/Application), Object(Closure), Array, NULL)
#40 C:/Users/madoc/source/repos/Aquerii/services/api/vendor/laravel/framework/src/Illuminate/Foundation/Application.php(1452): Illuminate/Container/Container->call(Object(Closure))
#41 C:/Users/madoc/source/repos/Aquerii/services/api/vendor/laravel/framework/src/Illuminate/Foundation/Console/Kernel.php(219): Illuminate/Foundation/Application->terminate()
#42 C:/Users/madoc/source/repos/Aquerii/services/api/artisan(24): Illuminate/Foundation/Console/Kernel->terminate(Object(Symfony/Component/Console/Input/ArgvInput), 1)
#43 {main}
"} 
[2026-05-21 09:42:00] production.ERROR: Unable to detect application namespace. {"exception":"[object] (RuntimeException(code: 0): Unable to detect application namespace. at C:/Users/madoc/source/repos/Aquerii/services/api/vendor/laravel/framework/src/Illuminate/Foundation/Application.php:1717)
[stacktrace]
#0 C:/Users/madoc/source/repos/Aquerii/services/api/vendor/laravel/framework/src/Illuminate/Foundation/Console/RouteListCommand.php(432): Illuminate/Foundation/Application->getNamespace()
#1 C:/Users/madoc/source/repos/Aquerii/services/api/vendor/laravel/framework/src/Illuminate/Foundation/Console/RouteListCommand.php(356): Illuminate/Foundation/Console/RouteListCommand->formatActionForCli(Array)
#2 [internal function]: Illuminate/Foundation/Console/RouteListCommand->{closure:Illuminate/Foundation/Console/RouteListCommand::forCli():355}(Array, 109)
#3 C:/Users/madoc/source/repos/Aquerii/services/api/vendor/laravel/framework/src/Illuminate/Collections/Arr.php(609): array_map(Object(Closure), Array, Array)
#4 C:/Users/madoc/source/repos/Aquerii/services/api/vendor/laravel/framework/src/Illuminate/Collections/Collection.php(799): Illuminate/Support/Arr::map(Array, Object(Closure))
#5 C:/Users/madoc/source/repos/Aquerii/services/api/vendor/laravel/framework/src/Illuminate/Foundation/Console/RouteListCommand.php(354): Illuminate/Support/Collection->map(Object(Closure))
#6 C:/Users/madoc/source/repos/Aquerii/services/api/vendor/laravel/framework/src/Illuminate/Foundation/Console/RouteListCommand.php(199): Illuminate/Foundation/Console/RouteListCommand->forCli(Object(Illuminate/Support/Collection))
#7 C:/Users/madoc/source/repos/Aquerii/services/api/vendor/laravel/framework/src/Illuminate/Foundation/Console/RouteListCommand.php(107): Illuminate/Foundation/Console/RouteListCommand->displayRoutes(Object(Illuminate/Support/Collection))
#8 C:/Users/madoc/source/repos/Aquerii/services/api/vendor/laravel/framework/src/Illuminate/Container/BoundMethod.php(36): Illuminate/Foundation/Console/RouteListCommand->handle()
#9 C:/Users/madoc/source/repos/Aquerii/services/api/vendor/laravel/framework/src/Illuminate/Container/Util.php(43): Illuminate/Container/BoundMethod::{closure:Illuminate/Container/BoundMethod::call():35}()
#10 C:/Users/madoc/source/repos/Aquerii/services/api/vendor/laravel/framework/src/Illuminate/Container/BoundMethod.php(95): Illuminate/Container/Util::unwrapIfClosure(Object(Closure))
#11 C:/Users/madoc/source/repos/Aquerii/services/api/vendor/laravel/framework/src/Illuminate/Container/BoundMethod.php(35): Illuminate/Container/BoundMethod::callBoundMethod(Object(Illuminate/Foundation/Application), Array, Object(Closure))
#12 C:/Users/madoc/source/repos/Aquerii/services/api/vendor/laravel/framework/src/Illuminate/Container/Container.php(696): Illuminate/Container/BoundMethod::call(Object(Illuminate/Foundation/Application), Array, Array, NULL)
#13 C:/Users/madoc/source/repos/Aquerii/services/api/vendor/laravel/framework/src/Illuminate/Console/Command.php(213): Illuminate/Container/Container->call(Array)
#14 C:/Users/madoc/source/repos/Aquerii/services/api/vendor/symfony/console/Command/Command.php(341): Illuminate/Console/Command->execute(Object(Symfony/Component/Console/Input/ArgvInput), Object(Illuminate/Console/OutputStyle))
#15 C:/Users/madoc/source/repos/Aquerii/services/api/vendor/laravel/framework/src/Illuminate/Console/Command.php(182): Symfony/Component/Console/Command/Command->run(Object(Symfony/Component/Console/Input/ArgvInput), Object(Illuminate/Console/OutputStyle))
#16 C:/Users/madoc/source/repos/Aquerii/services/api/vendor/symfony/console/Application.php(1117): Illuminate/Console/Command->run(Object(Symfony/Component/Console/Input/ArgvInput), Object(Symfony/Component/Console/Output/ConsoleOutput))
#17 C:/Users/madoc/source/repos/Aquerii/services/api/vendor/symfony/console/Application.php(356): Symfony/Component/Console/Application->doRunCommand(Object(Illuminate/Foundation/Console/RouteListCommand), Object(Symfony/Component/Console/Input/ArgvInput), Object(Symfony/Component/Console/Output/ConsoleOutput))
#18 C:/Users/madoc/source/repos/Aquerii/services/api/vendor/symfony/console/Application.php(195): Symfony/Component/Console/Application->doRun(Object(Symfony/Component/Console/Input/ArgvInput), Object(Symfony/Component/Console/Output/ConsoleOutput))
#19 C:/Users/madoc/source/repos/Aquerii/services/api/vendor/laravel/framework/src/Illuminate/Foundation/Console/Kernel.php(198): Symfony/Component/Console/Application->run(Object(Symfony/Component/Console/Input/ArgvInput), Object(Symfony/Component/Console/Output/ConsoleOutput))
#20 C:/Users/madoc/source/repos/Aquerii/services/api/artisan(19): Illuminate/Foundation/Console/Kernel->handle(Object(Symfony/Component/Console/Input/ArgvInput), Object(Symfony/Component/Console/Output/ConsoleOutput))
#21 {main}
"} 
